<?xml version="1.0" encoding="UTF-8"?>
<testsuites>
  <testsuite name="/app/phpunit-ci.xml" tests="77" assertions="480" errors="0" failures="0" skipped="0" time="1.874155">
    <testsuite name="Unit" tests="75" assertions="469" errors="0" failures="0" skipped="0" time="1.689295">
      <testsuite name="Tests\Unit\Playground\Models\Model\ModelTest" file="/app/tests/Unit/Models/Model/ModelTest.php" tests="5" assertions="5" errors="0" failures="0" skipped="0" time="0.218166">
        <testcase name="test_with_children_children_returns_has_many" file="/app/tests/Unit/Models/Model/ModelTest.php" line="20" class="Tests\Unit\Playground\Models\Model\ModelTest" classname="Tests.Unit.Playground.Models.Model.ModelTest" assertions="1" time="0.129101"/>
        <testcase name="test_with_creator_creator_returns_has_one" file="/app/tests/Unit/Models/Model/ModelTest.php" line="28" class="Tests\Unit\Playground\Models\Model\ModelTest" classname="Tests.Unit.Playground.Models.Model.ModelTest" assertions="1" time="0.025329"/>
        <testcase name="test_with_modifier_modifier_returns_has_one" file="/app/tests/Unit/Models/Model/ModelTest.php" line="36" class="Tests\Unit\Playground\Models\Model\ModelTest" classname="Tests.Unit.Playground.Models.Model.ModelTest" assertions="1" time="0.021683"/>
        <testcase name="test_with_owner_owner_returns_has_one" file="/app/tests/Unit/Models/Model/ModelTest.php" line="44" class="Tests\Unit\Playground\Models\Model\ModelTest" classname="Tests.Unit.Playground.Models.Model.ModelTest" assertions="1" time="0.021532"/>
        <testcase name="test_with_parent_parent_returns_has_one" file="/app/tests/Unit/Models/Model/ModelTest.php" line="52" class="Tests\Unit\Playground\Models\Model\ModelTest" classname="Tests.Unit.Playground.Models.Model.ModelTest" assertions="1" time="0.020521"/>
      </testsuite>
      <testsuite name="Tests\Unit\Playground\Models\Scopes\ScopeFilterColumns\ModelTest" file="/app/tests/Unit/Models/Scopes/ScopeFilterColumns/ModelTest.php" tests="15" assertions="150" errors="0" failures="0" skipped="0" time="0.317440">
        <testcase name="test_scope_filter_columns_returns_query_without_columns_or_filters" file="/app/tests/Unit/Models/Scopes/ScopeFilterColumns/ModelTest.php" line="37" class="Tests\Unit\Playground\Models\Scopes\ScopeFilterColumns\ModelTest" classname="Tests.Unit.Playground.Models.Scopes.ScopeFilterColumns.ModelTest" assertions="2" time="0.020281"/>
        <testcase name="test_scope_filter_columns_returns_query_without_filters" file="/app/tests/Unit/Models/Scopes/ScopeFilterColumns/ModelTest.php" line="53" class="Tests\Unit\Playground\Models\Scopes\ScopeFilterColumns\ModelTest" classname="Tests.Unit.Playground.Models.Scopes.ScopeFilterColumns.ModelTest" assertions="4" time="0.020468"/>
        <testcase name="test_scope_filter_columns_returns_query_with_invalid_column" file="/app/tests/Unit/Models/Scopes/ScopeFilterColumns/ModelTest.php" line="76" class="Tests\Unit\Playground\Models\Scopes\ScopeFilterColumns\ModelTest" classname="Tests.Unit.Playground.Models.Scopes.ScopeFilterColumns.ModelTest" assertions="4" time="0.020382"/>
        <testcase name="test_scope_filter_columns_returns_query_with_filters_without_meta_for_strings" file="/app/tests/Unit/Models/Scopes/ScopeFilterColumns/ModelTest.php" line="106" class="Tests\Unit\Playground\Models\Scopes\ScopeFilterColumns\ModelTest" classname="Tests.Unit.Playground.Models.Scopes.ScopeFilterColumns.ModelTest" assertions="8" time="0.020409"/>
        <testcase name="test_scope_filter_columns_returns_query_with_null_comparison_and_ignore" file="/app/tests/Unit/Models/Scopes/ScopeFilterColumns/ModelTest.php" line="144" class="Tests\Unit\Playground\Models\Scopes\ScopeFilterColumns\ModelTest" classname="Tests.Unit.Playground.Models.Scopes.ScopeFilterColumns.ModelTest" assertions="4" time="0.019890"/>
        <testcase name="test_scope_filter_columns_returns_query_with_comparison" file="/app/tests/Unit/Models/Scopes/ScopeFilterColumns/ModelTest.php" line="175" class="Tests\Unit\Playground\Models\Scopes\ScopeFilterColumns\ModelTest" classname="Tests.Unit.Playground.Models.Scopes.ScopeFilterColumns.ModelTest" assertions="6" time="0.020703"/>
        <testcase name="test_scope_filter_columns_with_boolean_filter_type_and_null_value" file="/app/tests/Unit/Models/Scopes/ScopeFilterColumns/ModelTest.php" line="207" class="Tests\Unit\Playground\Models\Scopes\ScopeFilterColumns\ModelTest" classname="Tests.Unit.Playground.Models.Scopes.ScopeFilterColumns.ModelTest" assertions="6" time="0.020413"/>
        <testcase name="test_scope_filter_columns_with_boolean_filter_type_and_true_value" file="/app/tests/Unit/Models/Scopes/ScopeFilterColumns/ModelTest.php" line="241" class="Tests\Unit\Playground\Models\Scopes\ScopeFilterColumns\ModelTest" classname="Tests.Unit.Playground.Models.Scopes.ScopeFilterColumns.ModelTest" assertions="6" time="0.019980"/>
        <testcase name="test_scope_filter_columns_with_boolean_filter_type_and_false_value" file="/app/tests/Unit/Models/Scopes/ScopeFilterColumns/ModelTest.php" line="275" class="Tests\Unit\Playground\Models\Scopes\ScopeFilterColumns\ModelTest" classname="Tests.Unit.Playground.Models.Scopes.ScopeFilterColumns.ModelTest" assertions="6" time="0.020760"/>
        <testcase name="test_scope_filter_columns_with_filter_operator_without_operator_and_default_to_like" file="/app/tests/Unit/Models/Scopes/ScopeFilterColumns/ModelTest.php" line="309" class="Tests\Unit\Playground\Models\Scopes\ScopeFilterColumns\ModelTest" classname="Tests.Unit.Playground.Models.Scopes.ScopeFilterColumns.ModelTest" assertions="6" time="0.021430"/>
        <testcase name="test_scope_filter_columns_with_filter_operators" file="/app/tests/Unit/Models/Scopes/ScopeFilterColumns/ModelTest.php" line="343" class="Tests\Unit\Playground\Models\Scopes\ScopeFilterColumns\ModelTest" classname="Tests.Unit.Playground.Models.Scopes.ScopeFilterColumns.ModelTest" assertions="74" time="0.026528"/>
        <testcase name="test_scope_filter_columns_with_between_filter_operator_without_single_parameter_and_ignore_between" file="/app/tests/Unit/Models/Scopes/ScopeFilterColumns/ModelTest.php" line="444" class="Tests\Unit\Playground\Models\Scopes\ScopeFilterColumns\ModelTest" classname="Tests.Unit.Playground.Models.Scopes.ScopeFilterColumns.ModelTest" assertions="4" time="0.021141"/>
        <testcase name="test_scope_filter_columns_with_between_filter_operator" file="/app/tests/Unit/Models/Scopes/ScopeFilterColumns/ModelTest.php" line="477" class="Tests\Unit\Playground\Models\Scopes\ScopeFilterColumns\ModelTest" classname="Tests.Unit.Playground.Models.Scopes.ScopeFilterColumns.ModelTest" assertions="8" time="0.021125"/>
        <testcase name="test_scope_filter_columns_with_not_between_filter_operator_without_single_parameter_and_ignore_between" file="/app/tests/Unit/Models/Scopes/ScopeFilterColumns/ModelTest.php" line="514" class="Tests\Unit\Playground\Models\Scopes\ScopeFilterColumns\ModelTest" classname="Tests.Unit.Playground.Models.Scopes.ScopeFilterColumns.ModelTest" assertions="4" time="0.021812"/>
        <testcase name="test_scope_filter_columns_with_not_between_filter_operator" file="/app/tests/Unit/Models/Scopes/ScopeFilterColumns/ModelTest.php" line="547" class="Tests\Unit\Playground\Models\Scopes\ScopeFilterColumns\ModelTest" classname="Tests.Unit.Playground.Models.Scopes.ScopeFilterColumns.ModelTest" assertions="8" time="0.022117"/>
      </testsuite>
      <testsuite name="Tests\Unit\Playground\Models\Scopes\ScopeFilterDates\ModelTest" file="/app/tests/Unit/Models/Scopes/ScopeFilterDates/ModelTest.php" tests="18" assertions="160" errors="0" failures="0" skipped="0" time="0.395476">
        <testcase name="test_scope_filter_dates_returns_query_without_dates_or_filters" file="/app/tests/Unit/Models/Scopes/ScopeFilterDates/ModelTest.php" line="37" class="Tests\Unit\Playground\Models\Scopes\ScopeFilterDates\ModelTest" classname="Tests.Unit.Playground.Models.Scopes.ScopeFilterDates.ModelTest" assertions="2" time="0.019412"/>
        <testcase name="test_scope_filter_dates_returns_query_without_filters" file="/app/tests/Unit/Models/Scopes/ScopeFilterDates/ModelTest.php" line="53" class="Tests\Unit\Playground\Models\Scopes\ScopeFilterDates\ModelTest" classname="Tests.Unit.Playground.Models.Scopes.ScopeFilterDates.ModelTest" assertions="4" time="0.019794"/>
        <testcase name="test_scope_filter_dates_returns_query_with_invalid_column" file="/app/tests/Unit/Models/Scopes/ScopeFilterDates/ModelTest.php" line="76" class="Tests\Unit\Playground\Models\Scopes\ScopeFilterDates\ModelTest" classname="Tests.Unit.Playground.Models.Scopes.ScopeFilterDates.ModelTest" assertions="4" time="0.020285"/>
        <testcase name="test_scope_filter_dates_returns_query_with_filters_without_meta_for_strings" file="/app/tests/Unit/Models/Scopes/ScopeFilterDates/ModelTest.php" line="106" class="Tests\Unit\Playground\Models\Scopes\ScopeFilterDates\ModelTest" classname="Tests.Unit.Playground.Models.Scopes.ScopeFilterDates.ModelTest" assertions="6" time="0.020711"/>
        <testcase name="test_scope_filter_dates_returns_query_with_null_comparison_and_ignore" file="/app/tests/Unit/Models/Scopes/ScopeFilterDates/ModelTest.php" line="141" class="Tests\Unit\Playground\Models\Scopes\ScopeFilterDates\ModelTest" classname="Tests.Unit.Playground.Models.Scopes.ScopeFilterDates.ModelTest" assertions="4" time="0.020523"/>
        <testcase name="test_scope_filter_dates_returns_query_with_null_comparison_and_allow" file="/app/tests/Unit/Models/Scopes/ScopeFilterDates/ModelTest.php" line="176" class="Tests\Unit\Playground\Models\Scopes\ScopeFilterDates\ModelTest" classname="Tests.Unit.Playground.Models.Scopes.ScopeFilterDates.ModelTest" assertions="4" time="0.020791"/>
        <testcase name="test_scope_filter_dates_returns_query_with_comparison" file="/app/tests/Unit/Models/Scopes/ScopeFilterDates/ModelTest.php" line="211" class="Tests\Unit\Playground\Models\Scopes\ScopeFilterDates\ModelTest" classname="Tests.Unit.Playground.Models.Scopes.ScopeFilterDates.ModelTest" assertions="6" time="0.021050"/>
        <testcase name="test_scope_filter_dates_returns_query_with_wildcard" file="/app/tests/Unit/Models/Scopes/ScopeFilterDates/ModelTest.php" line="244" class="Tests\Unit\Playground\Models\Scopes\ScopeFilterDates\ModelTest" classname="Tests.Unit.Playground.Models.Scopes.ScopeFilterDates.ModelTest" assertions="6" time="0.021044"/>
        <testcase name="test_scope_filter_dates_returns_query_with_operator_wildcard" file="/app/tests/Unit/Models/Scopes/ScopeFilterDates/ModelTest.php" line="276" class="Tests\Unit\Playground\Models\Scopes\ScopeFilterDates\ModelTest" classname="Tests.Unit.Playground.Models.Scopes.ScopeFilterDates.ModelTest" assertions="6" time="0.021412"/>
        <testcase name="test_scope_filter_dates_returns_query_with_object_value_and_ignore" file="/app/tests/Unit/Models/Scopes/ScopeFilterDates/ModelTest.php" line="310" class="Tests\Unit\Playground\Models\Scopes\ScopeFilterDates\ModelTest" classname="Tests.Unit.Playground.Models.Scopes.ScopeFilterDates.ModelTest" assertions="4" time="0.021350"/>
        <testcase name="test_scope_filter_dates_returns_query_with_unnullable_value_and_ignore" file="/app/tests/Unit/Models/Scopes/ScopeFilterDates/ModelTest.php" line="343" class="Tests\Unit\Playground\Models\Scopes\ScopeFilterDates\ModelTest" classname="Tests.Unit.Playground.Models.Scopes.ScopeFilterDates.ModelTest" assertions="4" time="0.021664"/>
        <testcase name="test_scope_filter_dates_returns_query_with_invalid_operator_and_use_like" file="/app/tests/Unit/Models/Scopes/ScopeFilterDates/ModelTest.php" line="375" class="Tests\Unit\Playground\Models\Scopes\ScopeFilterDates\ModelTest" classname="Tests.Unit.Playground.Models.Scopes.ScopeFilterDates.ModelTest" assertions="6" time="0.022112"/>
        <testcase name="test_scope_filter_dates_returns_query_with_invalid_parsable_value_and_ignore" file="/app/tests/Unit/Models/Scopes/ScopeFilterDates/ModelTest.php" line="413" class="Tests\Unit\Playground\Models\Scopes\ScopeFilterDates\ModelTest" classname="Tests.Unit.Playground.Models.Scopes.ScopeFilterDates.ModelTest" assertions="4" time="0.022846"/>
        <testcase name="test_scope_filter_dates_returns_query_with_short_date_and_gte_operator" file="/app/tests/Unit/Models/Scopes/ScopeFilterDates/ModelTest.php" line="446" class="Tests\Unit\Playground\Models\Scopes\ScopeFilterDates\ModelTest" classname="Tests.Unit.Playground.Models.Scopes.ScopeFilterDates.ModelTest" assertions="6" time="0.022743"/>
        <testcase name="test_scope_filter_dates_returns_query_with_phrase_date_and_automatically_parse" file="/app/tests/Unit/Models/Scopes/ScopeFilterDates/ModelTest.php" line="481" class="Tests\Unit\Playground\Models\Scopes\ScopeFilterDates\ModelTest" classname="Tests.Unit.Playground.Models.Scopes.ScopeFilterDates.ModelTest" assertions="6" time="0.023066"/>
        <testcase name="test_scope_filter_dates_with_between_filter_operator_with_parse" file="/app/tests/Unit/Models/Scopes/ScopeFilterDates/ModelTest.php" line="519" class="Tests\Unit\Playground\Models\Scopes\ScopeFilterDates\ModelTest" classname="Tests.Unit.Playground.Models.Scopes.ScopeFilterDates.ModelTest" assertions="7" time="0.023623"/>
        <testcase name="test_scope_filter_dates_with_not_between_filter_operator_with_parse" file="/app/tests/Unit/Models/Scopes/ScopeFilterDates/ModelTest.php" line="564" class="Tests\Unit\Playground\Models\Scopes\ScopeFilterDates\ModelTest" classname="Tests.Unit.Playground.Models.Scopes.ScopeFilterDates.ModelTest" assertions="7" time="0.024174"/>
        <testcase name="test_scope_filter_dates_with_filter_operators" file="/app/tests/Unit/Models/Scopes/ScopeFilterDates/ModelTest.php" line="609" class="Tests\Unit\Playground\Models\Scopes\ScopeFilterDates\ModelTest" classname="Tests.Unit.Playground.Models.Scopes.ScopeFilterDates.ModelTest" assertions="74" time="0.028876"/>
      </testsuite>
      <testsuite name="Tests\Unit\Playground\Models\Scopes\ScopeFilterFlags\ModelTest" file="/app/tests/Unit/Models/Scopes/ScopeFilterFlags/ModelTest.php" tests="3" assertions="14" errors="0" failures="0" skipped="0" time="0.060583">
        <testcase name="test_scope_filter_flags_returns_query_without_flags_or_filters" file="/app/tests/Unit/Models/Scopes/ScopeFilterFlags/ModelTest.php" line="37" class="Tests\Unit\Playground\Models\Scopes\ScopeFilterFlags\ModelTest" classname="Tests.Unit.Playground.Models.Scopes.ScopeFilterFlags.ModelTest" assertions="2" time="0.019211"/>
        <testcase name="test_scope_filter_flags_returns_query_without_filters" file="/app/tests/Unit/Models/Scopes/ScopeFilterFlags/ModelTest.php" line="53" class="Tests\Unit\Playground\Models\Scopes\ScopeFilterFlags\ModelTest" classname="Tests.Unit.Playground.Models.Scopes.ScopeFilterFlags.ModelTest" assertions="4" time="0.021187"/>
        <testcase name="test_scope_filter_flags_returns_query_with_filters" file="/app/tests/Unit/Models/Scopes/ScopeFilterFlags/ModelTest.php" line="76" class="Tests\Unit\Playground\Models\Scopes\ScopeFilterFlags\ModelTest" classname="Tests.Unit.Playground.Models.Scopes.ScopeFilterFlags.ModelTest" assertions="8" time="0.020184"/>
      </testsuite>
      <testsuite name="Tests\Unit\Playground\Models\Scopes\ScopeFilterIds\ModelTest" file="/app/tests/Unit/Models/Scopes/ScopeFilterIds/ModelTest.php" tests="11" assertions="70" errors="0" failures="0" skipped="0" time="0.237710">
        <testcase name="test_scope_filter_ids_returns_query_without_ids_or_filters" file="/app/tests/Unit/Models/Scopes/ScopeFilterIds/ModelTest.php" line="37" class="Tests\Unit\Playground\Models\Scopes\ScopeFilterIds\ModelTest" classname="Tests.Unit.Playground.Models.Scopes.ScopeFilterIds.ModelTest" assertions="2" time="0.019300"/>
        <testcase name="test_scope_filter_ids_returns_query_without_filters" file="/app/tests/Unit/Models/Scopes/ScopeFilterIds/ModelTest.php" line="53" class="Tests\Unit\Playground\Models\Scopes\ScopeFilterIds\ModelTest" classname="Tests.Unit.Playground.Models.Scopes.ScopeFilterIds.ModelTest" assertions="4" time="0.019322"/>
        <testcase name="test_scope_filter_ids_returns_query_with_invalid_column" file="/app/tests/Unit/Models/Scopes/ScopeFilterIds/ModelTest.php" line="76" class="Tests\Unit\Playground\Models\Scopes\ScopeFilterIds\ModelTest" classname="Tests.Unit.Playground.Models.Scopes.ScopeFilterIds.ModelTest" assertions="4" time="0.018555"/>
        <testcase name="test_scope_filter_ids_returns_query_with_null_comparison" file="/app/tests/Unit/Models/Scopes/ScopeFilterIds/ModelTest.php" line="106" class="Tests\Unit\Playground\Models\Scopes\ScopeFilterIds\ModelTest" classname="Tests.Unit.Playground.Models.Scopes.ScopeFilterIds.ModelTest" assertions="4" time="0.019184"/>
        <testcase name="test_scope_filter_ids_returns_query_with_comparison" file="/app/tests/Unit/Models/Scopes/ScopeFilterIds/ModelTest.php" line="137" class="Tests\Unit\Playground\Models\Scopes\ScopeFilterIds\ModelTest" classname="Tests.Unit.Playground.Models.Scopes.ScopeFilterIds.ModelTest" assertions="6" time="0.019467"/>
        <testcase name="test_scope_filter_ids_returns_query_with_filters_array" file="/app/tests/Unit/Models/Scopes/ScopeFilterIds/ModelTest.php" line="169" class="Tests\Unit\Playground\Models\Scopes\ScopeFilterIds\ModelTest" classname="Tests.Unit.Playground.Models.Scopes.ScopeFilterIds.ModelTest" assertions="10" time="0.032093"/>
        <testcase name="test_scope_filter_ids_returns_query_with_filters_with_integer" file="/app/tests/Unit/Models/Scopes/ScopeFilterIds/ModelTest.php" line="219" class="Tests\Unit\Playground\Models\Scopes\ScopeFilterIds\ModelTest" classname="Tests.Unit.Playground.Models.Scopes.ScopeFilterIds.ModelTest" assertions="6" time="0.019748"/>
        <testcase name="test_scope_filter_ids_returns_query_with_array_of_ids_without_type" file="/app/tests/Unit/Models/Scopes/ScopeFilterIds/ModelTest.php" line="260" class="Tests\Unit\Playground\Models\Scopes\ScopeFilterIds\ModelTest" classname="Tests.Unit.Playground.Models.Scopes.ScopeFilterIds.ModelTest" assertions="10" time="0.020920"/>
        <testcase name="test_scope_filter_ids_returns_query_with_array_of_uuids_for_integer_type_ids_and_ignore" file="/app/tests/Unit/Models/Scopes/ScopeFilterIds/ModelTest.php" line="308" class="Tests\Unit\Playground\Models\Scopes\ScopeFilterIds\ModelTest" classname="Tests.Unit.Playground.Models.Scopes.ScopeFilterIds.ModelTest" assertions="4" time="0.023544"/>
        <testcase name="test_scope_filter_ids_returns_query_with_array_of_integer_ids_ignore_duplicate_id" file="/app/tests/Unit/Models/Scopes/ScopeFilterIds/ModelTest.php" line="349" class="Tests\Unit\Playground\Models\Scopes\ScopeFilterIds\ModelTest" classname="Tests.Unit.Playground.Models.Scopes.ScopeFilterIds.ModelTest" assertions="8" time="0.021943"/>
        <testcase name="test_scope_filter_ids_returns_query_with_filters_with_null_and_string_and_array" file="/app/tests/Unit/Models/Scopes/ScopeFilterIds/ModelTest.php" line="395" class="Tests\Unit\Playground\Models\Scopes\ScopeFilterIds\ModelTest" classname="Tests.Unit.Playground.Models.Scopes.ScopeFilterIds.ModelTest" assertions="12" time="0.023635"/>
      </testsuite>
      <testsuite name="Tests\Unit\Playground\Models\Scopes\ScopeFilterTrash\ModelTest" file="/app/tests/Unit/Models/Scopes/ScopeFilterTrash/ModelTest.php" tests="3" assertions="6" errors="0" failures="0" skipped="0" time="0.057692">
        <testcase name="test_scope_filter_trash_returns_query_with_empty_visibility" file="/app/tests/Unit/Models/Scopes/ScopeFilterTrash/ModelTest.php" line="37" class="Tests\Unit\Playground\Models\Scopes\ScopeFilterTrash\ModelTest" classname="Tests.Unit.Playground.Models.Scopes.ScopeFilterTrash.ModelTest" assertions="2" time="0.019240"/>
        <testcase name="test_scope_filter_trash_returns_query_with_trash" file="/app/tests/Unit/Models/Scopes/ScopeFilterTrash/ModelTest.php" line="53" class="Tests\Unit\Playground\Models\Scopes\ScopeFilterTrash\ModelTest" classname="Tests.Unit.Playground.Models.Scopes.ScopeFilterTrash.ModelTest" assertions="2" time="0.019079"/>
        <testcase name="test_scope_filter_trash_returns_query_with_only_trash" file="/app/tests/Unit/Models/Scopes/ScopeFilterTrash/ModelTest.php" line="71" class="Tests\Unit\Playground\Models\Scopes\ScopeFilterTrash\ModelTest" classname="Tests.Unit.Playground.Models.Scopes.ScopeFilterTrash.ModelTest" assertions="2" time="0.019372"/>
      </testsuite>
      <testsuite name="Tests\Unit\Playground\Models\Scopes\ScopeSort\ModelTest" file="/app/tests/Unit/Models/Scopes/ScopeSort/ModelTest.php" tests="11" assertions="22" errors="0" failures="0" skipped="0" time="0.222193">
        <testcase name="test_scope_sort_returns_query_with_empty_sort" file="/app/tests/Unit/Models/Scopes/ScopeSort/ModelTest.php" line="37" class="Tests\Unit\Playground\Models\Scopes\ScopeSort\ModelTest" classname="Tests.Unit.Playground.Models.Scopes.ScopeSort.ModelTest" assertions="2" time="0.019137"/>
        <testcase name="test_scope_sort_returns_query_with_array_boolean_sort_asc" file="/app/tests/Unit/Models/Scopes/ScopeSort/ModelTest.php" line="55" class="Tests\Unit\Playground\Models\Scopes\ScopeSort\ModelTest" classname="Tests.Unit.Playground.Models.Scopes.ScopeSort.ModelTest" assertions="2" time="0.019413"/>
        <testcase name="test_scope_sort_returns_query_with_array_boolean_sort_desc" file="/app/tests/Unit/Models/Scopes/ScopeSort/ModelTest.php" line="75" class="Tests\Unit\Playground\Models\Scopes\ScopeSort\ModelTest" classname="Tests.Unit.Playground.Models.Scopes.ScopeSort.ModelTest" assertions="2" time="0.019608"/>
        <testcase name="test_scope_sort_returns_query_with_array_boolean_sort_pair" file="/app/tests/Unit/Models/Scopes/ScopeSort/ModelTest.php" line="95" class="Tests\Unit\Playground\Models\Scopes\ScopeSort\ModelTest" classname="Tests.Unit.Playground.Models.Scopes.ScopeSort.ModelTest" assertions="2" time="0.020254"/>
        <testcase name="test_scope_sort_returns_query_with_array_boolean_sort_triplet" file="/app/tests/Unit/Models/Scopes/ScopeSort/ModelTest.php" line="116" class="Tests\Unit\Playground\Models\Scopes\ScopeSort\ModelTest" classname="Tests.Unit.Playground.Models.Scopes.ScopeSort.ModelTest" assertions="2" time="0.019936"/>
        <testcase name="test_scope_sort_returns_query_with_csv_sort_asc" file="/app/tests/Unit/Models/Scopes/ScopeSort/ModelTest.php" line="138" class="Tests\Unit\Playground\Models\Scopes\ScopeSort\ModelTest" classname="Tests.Unit.Playground.Models.Scopes.ScopeSort.ModelTest" assertions="2" time="0.020131"/>
        <testcase name="test_scope_sort_returns_query_with_csv_sort_desc" file="/app/tests/Unit/Models/Scopes/ScopeSort/ModelTest.php" line="154" class="Tests\Unit\Playground\Models\Scopes\ScopeSort\ModelTest" classname="Tests.Unit.Playground.Models.Scopes.ScopeSort.ModelTest" assertions="2" time="0.020480"/>
        <testcase name="test_scope_sort_returns_query_with_simple_array_asc" file="/app/tests/Unit/Models/Scopes/ScopeSort/ModelTest.php" line="179" class="Tests\Unit\Playground\Models\Scopes\ScopeSort\ModelTest" classname="Tests.Unit.Playground.Models.Scopes.ScopeSort.ModelTest" assertions="2" time="0.020584"/>
        <testcase name="test_scope_sort_returns_query_with_simple_array_desc" file="/app/tests/Unit/Models/Scopes/ScopeSort/ModelTest.php" line="197" class="Tests\Unit\Playground\Models\Scopes\ScopeSort\ModelTest" classname="Tests.Unit.Playground.Models.Scopes.ScopeSort.ModelTest" assertions="2" time="0.020577"/>
        <testcase name="test_scope_sort_returns_query_with_hash_array_asc" file="/app/tests/Unit/Models/Scopes/ScopeSort/ModelTest.php" line="215" class="Tests\Unit\Playground\Models\Scopes\ScopeSort\ModelTest" classname="Tests.Unit.Playground.Models.Scopes.ScopeSort.ModelTest" assertions="2" time="0.020692"/>
        <testcase name="test_scope_sort_returns_query_with_hash_array_desc" file="/app/tests/Unit/Models/Scopes/ScopeSort/ModelTest.php" line="235" class="Tests\Unit\Playground\Models\Scopes\ScopeSort\ModelTest" classname="Tests.Unit.Playground.Models.Scopes.ScopeSort.ModelTest" assertions="2" time="0.021382"/>
      </testsuite>
      <testsuite name="Tests\Unit\Playground\Models\User\ModelTest" file="/app/tests/Unit/Models/User/ModelTest.php" tests="4" assertions="36" errors="0" failures="0" skipped="0" time="0.082162">
        <testcase name="test_add_has_and_remove_abilities" file="/app/tests/Unit/Models/User/ModelTest.php" line="18" class="Tests\Unit\Playground\Models\User\ModelTest" classname="Tests.Unit.Playground.Models.User.ModelTest" assertions="8" time="0.019905"/>
        <testcase name="test_add_has_and_remove_privileges" file="/app/tests/Unit/Models/User/ModelTest.php" line="49" class="Tests\Unit\Playground\Models\User\ModelTest" classname="Tests.Unit.Playground.Models.User.ModelTest" assertions="8" time="0.020092"/>
        <testcase name="test_add_has_and_remove_roles" file="/app/tests/Unit/Models/User/ModelTest.php" line="80" class="Tests\Unit\Playground\Models\User\ModelTest" classname="Tests.Unit.Playground.Models.User.ModelTest" assertions="14" time="0.021563"/>
        <testcase name="test_is_admin_with_admins_and_users" file="/app/tests/Unit/Models/User/ModelTest.php" line="138" class="Tests\Unit\Playground\Models\User\ModelTest" classname="Tests.Unit.Playground.Models.User.ModelTest" assertions="6" time="0.020601"/>
      </testsuite>
      <testsuite name="Tests\Unit\Playground\ServiceProvider\InstanceTest" file="/app/tests/Unit/ServiceProvider/InstanceTest.php" tests="5" assertions="6" errors="0" failures="0" skipped="0" time="0.097874">
        <testcase name="test_version" file="/app/tests/Unit/ServiceProvider/InstanceTest.php" line="19" class="Tests\Unit\Playground\ServiceProvider\InstanceTest" classname="Tests.Unit.Playground.ServiceProvider.InstanceTest" assertions="2" time="0.017555"/>
        <testcase name="test_user_primary_key_type_with_empty_model" file="/app/tests/Unit/ServiceProvider/InstanceTest.php" line="26" class="Tests\Unit\Playground\ServiceProvider\InstanceTest" classname="Tests.Unit.Playground.ServiceProvider.InstanceTest" assertions="1" time="0.018305"/>
        <testcase name="test_user_primary_key_type_with_incrementing_model" file="/app/tests/Unit/ServiceProvider/InstanceTest.php" line="40" class="Tests\Unit\Playground\ServiceProvider\InstanceTest" classname="Tests.Unit.Playground.ServiceProvider.InstanceTest" assertions="1" time="0.021461"/>
        <testcase name="test_user_primary_key_type_with_uuid_model" file="/app/tests/Unit/ServiceProvider/InstanceTest.php" line="54" class="Tests\Unit\Playground\ServiceProvider\InstanceTest" classname="Tests.Unit.Playground.ServiceProvider.InstanceTest" assertions="1" time="0.019840"/>
        <testcase name="test_user_primary_key_type_with_exception" file="/app/tests/Unit/ServiceProvider/InstanceTest.php" line="68" class="Tests\Unit\Playground\ServiceProvider\InstanceTest" classname="Tests.Unit.Playground.ServiceProvider.InstanceTest" assertions="1" time="0.020713"/>
      </testsuite>
    </testsuite>
    <testsuite name="Feature" tests="2" assertions="11" errors="0" failures="0" skipped="0" time="0.184860">
      <testsuite name="Tests\Feature\Playground\Console\Commands\About\CommandTest" file="/app/tests/Feature/Console/Commands/About/CommandTest.php" tests="1" assertions="2" errors="0" failures="0" skipped="0" time="0.106900">
        <testcase name="test_command_about_displays_package_information_and_succeed_with_code_0" file="/app/tests/Feature/Console/Commands/About/CommandTest.php" line="36" class="Tests\Feature\Playground\Console\Commands\About\CommandTest" classname="Tests.Feature.Playground.Console.Commands.About.CommandTest" assertions="2" time="0.106900"/>
      </testsuite>
      <testsuite name="Tests\Feature\Playground\Models\User\ModelTest" file="/app/tests/Feature/Models/User/ModelTest.php" tests="1" assertions="9" errors="0" failures="0" skipped="0" time="0.077960">
        <testcase name="test_save_model_in_database" file="/app/tests/Feature/Models/User/ModelTest.php" line="20" class="Tests\Feature\Playground\Models\User\ModelTest" classname="Tests.Feature.Playground.Models.User.ModelTest" assertions="9" time="0.077960"/>
      </testsuite>
    </testsuite>
  </testsuite>
</testsuites>
